// Jest Snapshot v1, https://goo.gl/fbAQLP

exports[`Root Container renders correctly 1`] = `"<RootComponent greeting=\\"hello\\" name=\\"world\\" setName={[Function: mockConstructor]} />"`;
